<!DOCTYPE html>
<html>
    <head>
        <title>Hello World</title>
    </head>
    <body>
        Hi World!

        
        
        Thank you!
    </body>
</html>