<!DOCTYPE html>
<html>
<head>
    <title></title>
</head>
<body>
    List of people:
    
    <table>
        <tr><th>Name</th><th>Age</th></tr>
        <tr><td>John Doe</td><td>32</td></tr><tr><td>Jane Doe</td><td>26</td></tr>
    </table>
</body>
</html>